// Jest Snapshot v1, https://goo.gl/fbAQLP

exports[`SkeletonLoader matches snapshot 1`] = `
<div>
  <div
    aria-busy="true"
    aria-label="Loading content"
    class="space-y-4"
    role="status"
  >
    <div
      animate="[object Object]"
      class="relative overflow-hidden undefined"
      initial="[object Object]"
      transition="[object Object]"
    >
      <div
        class="h-4 bg-gray-200 dark:bg-gray-700 rounded"
        style="height: 1rem;"
      />
    </div>
    <div
      animate="[object Object]"
      class="relative overflow-hidden undefined"
      initial="[object Object]"
      transition="[object Object]"
    >
      <div
        class="h-4 bg-gray-200 dark:bg-gray-700 rounded"
        style="height: 1rem;"
      />
    </div>
    <div
      animate="[object Object]"
      class="relative overflow-hidden undefined"
      initial="[object Object]"
      transition="[object Object]"
    >
      <div
        class="h-4 bg-gray-200 dark:bg-gray-700 rounded"
        style="height: 1rem;"
      />
    </div>
    <div
      animate="[object Object]"
      class="relative overflow-hidden undefined"
      initial="[object Object]"
      transition="[object Object]"
    >
      <div
        class="h-4 bg-gray-200 dark:bg-gray-700 rounded"
        style="height: 1rem;"
      />
    </div>
    <div
      animate="[object Object]"
      class="relative overflow-hidden undefined"
      initial="[object Object]"
      transition="[object Object]"
    >
      <div
        class="h-4 bg-gray-200 dark:bg-gray-700 rounded"
        style="height: 1rem;"
      />
    </div>
    <div
      animate="[object Object]"
      class="relative overflow-hidden undefined"
      initial="[object Object]"
      transition="[object Object]"
    >
      <div
        class="h-4 bg-gray-200 dark:bg-gray-700 rounded"
        style="height: 1rem;"
      />
    </div>
    <span
      class="sr-only"
    >
      Loading...
    </span>
  </div>
</div>
`;
